>> submodules
   jax-gcm  849893be
   dinosaur bd99e39
>> python 3.11 + venv
Downloading cpython-3.11.16-linux-x86_64-gnu (download) (29.4MiB)
 Downloaded cpython-3.11.16-linux-x86_64-gnu (download)
Installed Python 3.11.16 in 1m 15s
 + cpython-3.11.16-linux-x86_64-gnu (python3.11)
Using CPython 3.11.16
Creating virtual environment at: .venv
Activate with: source .venv/bin/activate
>> 1/4 dinosaur (pinned submodule)
Resolved 38 packages in 1.35s
Downloading scipy (33.7MiB)
Downloading numpy (16.1MiB)
   Building dinosaur @ file:///data/JCM_stripped/jcm-strat/external/dinosaur
Downloading tensorstore (20.6MiB)
Downloading jaxlib (81.5MiB)
Downloading xarray (1.4MiB)
Downloading pandas (10.8MiB)
Downloading scikit-learn (8.9MiB)
Downloading dask (1.4MiB)
Downloading jax (3.1MiB)
Downloading numcodecs (8.7MiB)
 Downloaded xarray
 Downloaded dask
 Downloaded jax
 Downloaded numcodecs
 Downloaded tensorstore
 Downloaded scikit-learn
 Downloaded numpy
 Downloaded jaxlib
 Downloaded scipy
 Downloaded pandas
      Built dinosaur @ file:///data/JCM_stripped/jcm-strat/external/dinosaur
Prepared 38 packages in 36.49s
Installed 38 packages in 17.26s
 + click==8.5.0
 + cloudpickle==3.1.2
 + dask==2026.8.0
 + dinosaur==1.4.0 (from file:///data/JCM_stripped/jcm-strat/external/dinosaur)
 + donfig==0.8.1.post1
 + flexcache==0.3
 + flexparser==0.4
 + fsspec==2026.7.0
 + google-crc32c==1.8.0
 + importlib-metadata==9.0.1
 + jax==0.10.2
 + jaxlib==0.10.2
 + joblib==1.6.0
 + locket==1.0.0
 + ml-dtypes==0.6.0
 + narwhals==2.25.0
 + numcodecs==0.16.5
 + numpy==2.4.6
 + opt-einsum==3.4.0
 + packaging==26.3
 + pandas==3.0.5
 + partd==1.4.2
 + pint==0.25.3
 + platformdirs==4.11.7
 + python-dateutil==2.9.0.post0
 + pyyaml==6.0.3
 + scikit-learn==1.9.0
 + scipy==1.17.1
 + six==1.17.0
 + tensorstore==0.1.85
 + threadpoolctl==3.6.0
 + toolz==1.1.0
 + tree-math==0.2.1
 + typing-extensions==4.16.0
 + xarray==2026.7.0
 + xarray-tensorstore==0.3.0
 + zarr==3.1.6
 + zipp==4.1.0
>> 2/4 jcm[era5] with the dinosaur requirement overridden onto the submodule
Resolved 160 packages in 1m 01s
   Building jcm @ file:///data/JCM_stripped/jcm-strat/external/jax-gcm
   Building dinosaur @ file:///data/JCM_stripped/jcm-strat/external/dinosaur
Downloading babel (9.7MiB)
Downloading pyarrow (47.7MiB)
Downloading jax-rrtmgp (54.5MiB)
Downloading netcdf4 (9.9MiB)
Downloading sphinx (3.7MiB)
Downloading pydap (2.3MiB)
Downloading pygments (1.2MiB)
Downloading cryptography (4.5MiB)
Downloading hf-xet (4.3MiB)
Downloading lxml (5.0MiB)
Downloading lz4 (1.3MiB)
Downloading accessible-pygments (1.3MiB)
Downloading pillow (6.6MiB)
Downloading uvloop (3.6MiB)
Downloading grpcio (6.8MiB)
Downloading aiohttp (1.7MiB)
Downloading cftime (1.6MiB)
Downloading bokeh (6.1MiB)
Downloading h5py (4.8MiB)
Downloading orbax-checkpoint (1.3MiB)
   Building antlr4-python3-runtime==4.9.3
 Downloaded lz4
 Downloaded accessible-pygments
 Downloaded cftime
 Downloaded aiohttp
 Downloaded pydap
 Downloaded pygments
 Downloaded hf-xet
 Downloaded uvloop
 Downloaded h5py
 Downloaded pillow
 Downloaded netcdf4
 Downloaded grpcio
 Downloaded cryptography
 Downloaded lxml
 Downloaded jax-rrtmgp
 Downloaded sphinx
 Downloaded babel
      Built antlr4-python3-runtime==4.9.3
 Downloaded pyarrow
      Built jcm @ file:///data/JCM_stripped/jcm-strat/external/jax-gcm
 Downloaded bokeh
 Downloaded orbax-checkpoint
      Built dinosaur @ file:///data/JCM_stripped/jcm-strat/external/dinosaur
Prepared 123 packages in 34.43s
Uninstalled 1 package in 86ms
Installed 123 packages in 21.78s
 + absl-py==2.5.0
 + accessible-pygments==0.0.5
 + aiofiles==25.1.0
 + aiohappyeyeballs==2.7.1
 + aiohttp==3.14.3
 + aiosignal==1.4.0
 + alabaster==1.0.0
 + antlr4-python3-runtime==4.9.3
 + anyio==4.15.0
 + attrs==26.1.0
 + babel==2.18.0
 + beautifulsoup4==4.15.0
 + bokeh==3.9.2
 + cattrs==26.1.0
 + certifi==2026.7.22
 + cffi==2.1.1
 + cftime==1.6.5
 + charset-normalizer==3.5.1
 + contourpy==1.3.3
 + coverage==7.16.0
 + cryptography==50.0.1
 + dataclasses-json==0.6.7
 + decorator==5.3.1
 ~ dinosaur==1.4.0 (from file:///data/JCM_stripped/jcm-strat/external/dinosaur)
 + distributed==2026.8.0
 + docutils==0.22.4
 + etils==1.14.0
 + execnet==2.1.2
 + filelock==3.32.5
 + flax==0.12.8
 + frozenlist==1.8.0
 + furo==2025.12.19
 + gcsfs==2026.8.0
 + google-api-core==2.34.0
 + google-auth==2.57.0
 + google-auth-oauthlib==1.4.1
 + google-cloud-core==2.7.0
 + google-cloud-storage==3.13.1
 + google-cloud-storage-control==1.14.0
 + google-resumable-media==2.10.2
 + googleapis-common-protos==1.75.2
 + grpc-google-iam-v1==0.14.5
 + grpcio==1.83.1
 + grpcio-status==1.83.1
 + h11==0.16.0
 + h5netcdf==1.8.1
 + h5py==3.16.0
 + hf-xet==1.6.0
 + httpcore==1.0.9
 + httpx==0.28.1
 + huggingface-hub==1.29.0
 + humanize==4.16.0
 + hydra-core==1.3.6
 + idna==3.19
 + imagesize==2.0.1
 + iniconfig==2.3.0
 + jax-datetime==0.1.2
 + jax-rrtmgp==0.3.0
 + jax-solar==0.1.1
 + jcm==2.1.0b0 (from file:///data/JCM_stripped/jcm-strat/external/jax-gcm)
 + jinja2==3.1.6
 + lxml==6.1.3
 + lz4==4.4.5
 + markdown-it-py==4.2.0
 + markupsafe==3.0.3
 + marshmallow==3.26.2
 + mdit-py-plugins==0.6.1
 + mdurl==0.1.2
 + msgpack==1.2.2
 + multidict==6.7.1
 + mypy-extensions==1.1.0
 + myst-parser==5.1.0
 + netcdf4==1.7.4
 + oauthlib==3.3.1
 + omegaconf==2.3.1
 + optax==0.2.8
 + orbax-checkpoint==0.12.4
 + pillow==12.3.0
 + pluggy==1.6.0
 + pooch==1.9.0
 + prometheus-client==0.26.0
 + propcache==0.5.2
 + proto-plus==1.28.4
 + protobuf==7.36.1
 + psutil==7.2.2
 + pyarrow==25.0.1
 + pyasn1==0.6.4
 + pyasn1-modules==0.4.2
 + pycparser==3.0
 + pydap==3.5.9
 + pygments==2.21.0
 + pytest==9.1.1
 + pytest-cov==7.1.0
 + pytest-xdist==3.8.0
 + requests==2.34.2
 + requests-cache==1.3.3
 + requests-oauthlib==2.0.0
 + rich==15.0.0
 + roman-numerals==4.1.0
 + simplejson==4.1.2
 + snowballstemmer==3.1.1
 + sortedcontainers==2.4.0
 + soupsieve==2.9.2
 + sphinx==9.0.4
 + sphinx-basic-ng==1.0.0b2
 + sphinxcontrib-applehelp==2.0.0
 + sphinxcontrib-devhelp==2.0.0
 + sphinxcontrib-htmlhelp==2.1.0
 + sphinxcontrib-jsmath==1.0.1
 + sphinxcontrib-qthelp==2.0.0
 + sphinxcontrib-serializinghtml==2.0.0
 + tblib==3.2.2
 + tornado==6.5.8
 + tqdm==4.70.0
 + treescope==0.1.10
 + typing-inspect==0.9.0
 + url-normalize==3.0.0
 + urllib3==2.7.0
 + uvloop==0.22.1
 + webob==1.8.11
 + xyzservices==2026.3.0
 + yarl==1.24.5
 + zict==3.0.0
>> 3/4 CUDA JAX
Resolved 21 packages in 704ms
Downloading nvidia-nccl-cu12 (326.3MiB)
Downloading nvidia-cublas-cu12 (554.3MiB)
Downloading nvidia-cudnn-cu12 (716.4MiB)
Downloading jax-cuda12-pjrt (166.3MiB)
Downloading nvidia-cuda-nvcc-cu12 (38.7MiB)
Downloading nvidia-cusolver-cu12 (322.5MiB)
Downloading nvidia-cusparse-cu12 (349.5MiB)
Downloading nvidia-cuda-cupti-cu12 (10.3MiB)
Downloading jax-cuda12-plugin (7.8MiB)
Downloading nvidia-nvjitlink-cu12 (37.9MiB)
Downloading nvidia-nvshmem-cu12 (219.5MiB)
Downloading nvidia-cufft-cu12 (191.6MiB)
Downloading nvidia-cuda-cccl-cu12 (3.0MiB)
Downloading nvidia-cuda-runtime-cu12 (3.3MiB)
Downloading nvidia-cuda-nvrtc-cu12 (85.4MiB)
 Downloaded nvidia-cuda-runtime-cu12
 Downloaded jax-cuda12-plugin
 Downloaded nvidia-cuda-cupti-cu12
 Downloaded nvidia-nvjitlink-cu12
 Downloaded nvidia-cuda-nvcc-cu12
 Downloaded nvidia-cuda-nvrtc-cu12
 Downloaded jax-cuda12-pjrt
 Downloaded nvidia-cufft-cu12
 Downloaded nvidia-nvshmem-cu12
 Downloaded nvidia-cusolver-cu12
 Downloaded nvidia-nccl-cu12
 Downloaded nvidia-cusparse-cu12
 Downloaded nvidia-cublas-cu12
 Downloaded nvidia-cuda-cccl-cu12
 Downloaded nvidia-cudnn-cu12
Prepared 15 packages in 17.01s
Installed 15 packages in 20.85s
 + jax-cuda12-pjrt==0.10.2
 + jax-cuda12-plugin==0.10.2
 + nvidia-cublas-cu12==12.9.2.10
 + nvidia-cuda-cccl-cu12==12.9.27
 + nvidia-cuda-cupti-cu12==12.9.79
 + nvidia-cuda-nvcc-cu12==12.9.86
 + nvidia-cuda-nvrtc-cu12==12.9.86
 + nvidia-cuda-runtime-cu12==12.9.79
 + nvidia-cudnn-cu12==9.25.1.1
 + nvidia-cufft-cu12==11.4.1.4
 + nvidia-cusolver-cu12==11.7.5.82
 + nvidia-cusparse-cu12==12.5.10.65
 + nvidia-nccl-cu12==2.31.2
 + nvidia-nvjitlink-cu12==12.9.86
 + nvidia-nvshmem-cu12==3.7.2
>> 4/4 jcm_strat overlay
Resolved 1 package in 11ms
   Building jcm-strat @ file:///data/JCM_stripped/jcm-strat
      Built jcm-strat @ file:///data/JCM_stripped/jcm-strat
Prepared 1 package in 54.92s
Installed 1 package in 222ms
 + jcm-strat==0.0.1 (from file:///data/JCM_stripped/jcm-strat)
>> done. lock written to env/requirements.lock; now run scripts/check_env.sh
bootstrap exit=0
